// Jest Snapshot v1, https://goo.gl/fbAQLP

exports[`DashboardOverview renders component page unchanged 1`] = `<div />`;
