// Jest Snapshot v1, https://goo.gl/fbAQLP

exports[`LinksOverview renders component page unchanged 1`] = `<div />`;
