// Jest Snapshot v1, https://goo.gl/fbAQLP

exports[`MyReports renders component page unchanged 1`] = `<div />`;
